[2026-07-14 14:43:48] This is codeql execute queries -J-Xmx1800M --off-heap-ram=1411 --verbosity=progress --logdir=C:\Users\chris\eclipse-workspace\smart-thermostat-matter\db\log --evaluator-log-level=5 --warnings=show --qlconfig-file=C:\Users\chris\eclipse-workspace\smart-thermostat-matter\qlconfig.yml --dynamic-join-order-mode=none --no-rerun --output=C:\Users\chris\eclipse-workspace\smart-thermostat-matter\db\results -- C:\Users\chris\eclipse-workspace\smart-thermostat-matter\db\db-java weak-cryptographic-algorithms.qls
[2026-07-14 14:43:48] Calling plumbing command: codeql resolve queries --qlconfig-file=C:\Users\chris\eclipse-workspace\smart-thermostat-matter\qlconfig.yml --format=json -- weak-cryptographic-algorithms.qls
[2026-07-14 14:43:52] [DETAILS] resolve queries> Looking for a well-known suite "weak-cryptographic-algorithms.qls".
[2026-07-14 14:43:52] [DETAILS] resolve queries> Looking for well-known suites in C:\Program Files\codeql\qlpacks\codeql\actions-queries\0.6.30\codeql-suites.
[2026-07-14 14:43:52] [SPAMMY] resolve queries> weak-cryptographic-algorithms.qls not found in C:\Program Files\codeql\qlpacks\codeql\actions-queries\0.6.30\codeql-suites.
[2026-07-14 14:43:52] [DETAILS] resolve queries> Looking for well-known suites in C:\Program Files\codeql\qlpacks\codeql\cpp-queries\1.6.5\codeql-suites.
[2026-07-14 14:43:52] [SPAMMY] resolve queries> weak-cryptographic-algorithms.qls not found in C:\Program Files\codeql\qlpacks\codeql\cpp-queries\1.6.5\codeql-suites.
[2026-07-14 14:43:52] [DETAILS] resolve queries> Looking for well-known suites in C:\Program Files\codeql\qlpacks\codeql\csharp-queries\1.7.5\codeql-suites.
[2026-07-14 14:43:52] [SPAMMY] resolve queries> weak-cryptographic-algorithms.qls not found in C:\Program Files\codeql\qlpacks\codeql\csharp-queries\1.7.5\codeql-suites.
[2026-07-14 14:43:52] [DETAILS] resolve queries> Looking for well-known suites in C:\Program Files\codeql\qlpacks\codeql\go-queries\1.6.5\codeql-suites.
[2026-07-14 14:43:52] [SPAMMY] resolve queries> weak-cryptographic-algorithms.qls not found in C:\Program Files\codeql\qlpacks\codeql\go-queries\1.6.5\codeql-suites.
[2026-07-14 14:43:52] [DETAILS] resolve queries> Looking for well-known suites in C:\Program Files\codeql\qlpacks\codeql\java-queries\1.11.5\codeql-suites.
[2026-07-14 14:43:52] [SPAMMY] resolve queries> weak-cryptographic-algorithms.qls not found in C:\Program Files\codeql\qlpacks\codeql\java-queries\1.11.5\codeql-suites.
[2026-07-14 14:43:52] [DETAILS] resolve queries> Looking for well-known suites in C:\Program Files\codeql\qlpacks\codeql\javascript-queries\2.4.0\codeql-suites.
[2026-07-14 14:43:52] [SPAMMY] resolve queries> weak-cryptographic-algorithms.qls not found in C:\Program Files\codeql\qlpacks\codeql\javascript-queries\2.4.0\codeql-suites.
[2026-07-14 14:43:52] [DETAILS] resolve queries> Looking for well-known suites in C:\Program Files\codeql\qlpacks\codeql\python-queries\1.8.5\codeql-suites.
[2026-07-14 14:43:52] [SPAMMY] resolve queries> weak-cryptographic-algorithms.qls not found in C:\Program Files\codeql\qlpacks\codeql\python-queries\1.8.5\codeql-suites.
[2026-07-14 14:43:52] [DETAILS] resolve queries> Looking for well-known suites in C:\Program Files\codeql\qlpacks\codeql\ruby-queries\1.6.5\codeql-suites.
[2026-07-14 14:43:52] [SPAMMY] resolve queries> weak-cryptographic-algorithms.qls not found in C:\Program Files\codeql\qlpacks\codeql\ruby-queries\1.6.5\codeql-suites.
[2026-07-14 14:43:52] [DETAILS] resolve queries> Looking for well-known suites in C:\Program Files\codeql\qlpacks\codeql\rust-queries\0.1.37\codeql-suites.
[2026-07-14 14:43:52] [SPAMMY] resolve queries> weak-cryptographic-algorithms.qls not found in C:\Program Files\codeql\qlpacks\codeql\rust-queries\0.1.37\codeql-suites.
[2026-07-14 14:43:52] [DETAILS] resolve queries> Looking for well-known suites in C:\Program Files\codeql\qlpacks\codeql\swift-queries\1.3.5\codeql-suites.
[2026-07-14 14:43:52] [SPAMMY] resolve queries> weak-cryptographic-algorithms.qls not found in C:\Program Files\codeql\qlpacks\codeql\swift-queries\1.3.5\codeql-suites.
[2026-07-14 14:43:52] Exception caught at top level: weak-cryptographic-algorithms.qls is not a .ql file, .qls file, a directory, or a query pack specification.
                      com.semmle.cli2.resolve.ResolveQueriesCommand.resolveQuerySpecifier(ResolveQueriesCommand.java:305)
                      com.semmle.cli2.resolve.ResolveQueriesCommand.executeJSON(ResolveQueriesCommand.java:211)
                      com.semmle.cli2.resolve.ResolveQueriesCommand.executeJSON(ResolveQueriesCommand.java:68)
                      com.semmle.cli2.picocli.SimpleJsonSubcommand.executeInsistingOnJSONWithExistingMessages(SimpleJsonSubcommand.java:121)
                      com.semmle.cli2.picocli.SubcommandCommon.withCompilationMessages(SubcommandCommon.java:444)
                      com.semmle.cli2.picocli.SimpleJsonSubcommand.executeInsistingOnJSON(SimpleJsonSubcommand.java:110)
                      com.semmle.cli2.picocli.PlumbingRunner.call(PlumbingRunner.java:61)
                      com.semmle.cli2.picocli.SubcommandCommon.callPlumbingInProcess(SubcommandCommon.java:170)
                      com.semmle.cli2.execute.ExecuteQueriesCommand.executeSubcommand(ExecuteQueriesCommand.java:438)
                      com.semmle.cli2.picocli.SubcommandCommon.lambda$executeSubcommandWithMessages$5(SubcommandCommon.java:886)
                      com.semmle.cli2.picocli.SubcommandCommon.withCompilationMessages(SubcommandCommon.java:444)
                      com.semmle.cli2.picocli.SubcommandCommon.executeSubcommandWithMessages(SubcommandCommon.java:884)
                      com.semmle.cli2.picocli.SubcommandCommon.toplevelMain(SubcommandCommon.java:777)
                      com.semmle.cli2.picocli.SubcommandCommon.call(SubcommandCommon.java:757)
                      com.semmle.cli2.picocli.SubcommandMaker.runMain(SubcommandMaker.java:238)
                      com.semmle.cli2.picocli.SubcommandMaker.runMain(SubcommandMaker.java:259)
                      com.semmle.cli2.CodeQL.main(CodeQL.java:113)
[2026-07-14 14:43:52] [SPAMMY] execute queries> Failed to write 1 diagnostics for execute queries since this subcommand could not determine its diagnostic directory.
