[2026-07-15 16:12:40] [javac-extractor-12388] Starting extraction for:
                                              sun.java.command=com.semmle.extractor.java.JavaExtractor --jdk-version 21 --javac-args @@@C:\Users\chris\eclipse-workspace\smart-thermostat-matter\db\log\ext\javac.args
                                              user.dir=C:\Users\chris\eclipse-workspace\smart-thermostat-matter
[2026-07-15 16:12:40] [javac-extractor-12388] Compilation name C:/Users/chris/eclipse-workspace/smart-thermostat-matter/db/trap/java/diagnostics/diagnostic.trap.gz
[2026-07-15 16:12:40] [javac-extractor-12388] [WARN] Appending source destination directory C:\Users\chris\eclipse-workspace\smart-thermostat-matter\target\generated-sources\annotations to sourcepath
[2026-07-15 16:12:42] [javac-extractor-12388] Annotation processor class 'lombok.launch.AnnotationProcessorHider$AnnotationProcessor' initialized.
[2026-07-15 16:12:42] [javac-extractor-12388] Annotation processor class 'lombok.launch.AnnotationProcessorHider$ClaimingProcessor' initialized.
[2026-07-15 16:12:42] [javac-extractor-12388] 14 files will be passed to the attrib/flow phase
[2026-07-15 16:12:42] [javac-extractor-12388] Processing file C:\Users\chris\eclipse-workspace\smart-thermostat-matter\src\main\java\com\example\thermostat\ThermostatDevice.java
[2026-07-15 16:12:52] [javac-extractor-12388] Processing module java.base
[2026-07-15 16:12:52] [javac-extractor-12388] Processing file C:\Users\chris\eclipse-workspace\smart-thermostat-matter\src\main\java\com\example\thermostat\ThermostatMain.java
[2026-07-15 16:12:52] [javac-extractor-12388] Processing file C:\Users\chris\eclipse-workspace\smart-thermostat-matter\src\main\java\com\example\thermostat\config\ConfigLoader.java
[2026-07-15 16:12:52] [javac-extractor-12388] Processing file C:\Users\chris\eclipse-workspace\smart-thermostat-matter\src\main\java\com\example\thermostat\firmware\FirmwareUpdateService.java
[2026-07-15 16:12:53] [javac-extractor-12388] Processing file C:\Users\chris\eclipse-workspace\smart-thermostat-matter\src\main\java\com\example\thermostat\matter\CommissioningCredentialVerifier.java
[2026-07-15 16:12:53] [javac-extractor-12388] Processing file C:\Users\chris\eclipse-workspace\smart-thermostat-matter\src\main\java\com\example\thermostat\matter\ProvisionedSecretStore.java
[2026-07-15 16:12:53] [javac-extractor-12388] Processing file C:\Users\chris\eclipse-workspace\smart-thermostat-matter\src\main\java\com\example\thermostat\matter\Credentials.java
[2026-07-15 16:12:53] [javac-extractor-12388] Processing file C:\Users\chris\eclipse-workspace\smart-thermostat-matter\src\main\java\com\example\thermostat\matter\MatterCommissioning.java
[2026-07-15 16:12:53] [javac-extractor-12388] Processing file C:\Users\chris\eclipse-workspace\smart-thermostat-matter\src\main\java\com\example\thermostat\persistence\DatabaseConfig.java
[2026-07-15 16:12:53] [javac-extractor-12388] Processing file C:\Users\chris\eclipse-workspace\smart-thermostat-matter\src\main\java\com\example\thermostat\persistence\TemperatureHistoryRepository.java
[2026-07-15 16:12:54] [javac-extractor-12388] Processing module java.sql
[2026-07-15 16:12:54] [javac-extractor-12388] Processing module java.xml
[2026-07-15 16:12:54] [javac-extractor-12388] Processing module java.logging
[2026-07-15 16:12:54] [javac-extractor-12388] Processing file C:\Users\chris\eclipse-workspace\smart-thermostat-matter\src\main\java\com\example\thermostat\remote\CommandExecutor.java
[2026-07-15 16:12:54] [javac-extractor-12388] Processing file C:\Users\chris\eclipse-workspace\smart-thermostat-matter\src\main\java\com\example\thermostat\remote\RemoteAccessService.java
[2026-07-15 16:12:55] [javac-extractor-12388] Processing file C:\Users\chris\eclipse-workspace\smart-thermostat-matter\src\main\java\com\example\thermostat\thread\ThreadNetworkManager.java
[2026-07-15 16:12:55] [javac-extractor-12388] Processing file C:\Users\chris\eclipse-workspace\smart-thermostat-matter\src\main\java\com\example\thermostat\util\CryptoUtil.java
[2026-07-15 16:12:55] [javac-extractor-12388] Javac init time: 1,8s
[2026-07-15 16:12:55] [javac-extractor-12388] Javac attr time: 0,2s
[2026-07-15 16:12:55] [javac-extractor-12388] Extractor time: 13,1s
[2026-07-15 16:12:55] [javac-extractor-12388] Other time: 0,3s
[2026-07-15 16:12:55] [javac-extractor-12388] Total time: 15,4s
