[2026-07-15 20:42:43] [javac-extractor-11116] Starting extraction for:
                                              sun.java.command=com.semmle.extractor.java.JavaExtractor --jdk-version 21 --javac-args @@@C:\Users\chris\eclipse-workspace\smart-thermostat-matter\db\log\ext\javac-1.args
                                              user.dir=C:\Users\chris\eclipse-workspace\smart-thermostat-matter
[2026-07-15 20:42:43] [javac-extractor-11116] Compilation name C:/Users/chris/eclipse-workspace/smart-thermostat-matter/db/trap/java/diagnostics/diagnostic.trap.gz
[2026-07-15 20:42:43] [javac-extractor-11116] [WARN] Appending source destination directory C:\Users\chris\eclipse-workspace\smart-thermostat-matter\target\generated-sources\annotations to sourcepath
[2026-07-15 20:42:44] [javac-extractor-11116] Annotation processor class 'lombok.launch.AnnotationProcessorHider$AnnotationProcessor' initialized.
[2026-07-15 20:42:44] [javac-extractor-11116] Annotation processor class 'lombok.launch.AnnotationProcessorHider$ClaimingProcessor' initialized.
[2026-07-15 20:42:44] [javac-extractor-11116] 14 files will be passed to the attrib/flow phase
[2026-07-15 20:42:44] [javac-extractor-11116] Processing file C:\Users\chris\eclipse-workspace\smart-thermostat-matter\src\main\java\com\example\thermostat\ThermostatDevice.java
[2026-07-15 20:42:52] [javac-extractor-11116] Processing module java.base
[2026-07-15 20:42:52] [javac-extractor-11116] Processing file C:\Users\chris\eclipse-workspace\smart-thermostat-matter\src\main\java\com\example\thermostat\ThermostatMain.java
[2026-07-15 20:42:52] [javac-extractor-11116] Processing file C:\Users\chris\eclipse-workspace\smart-thermostat-matter\src\main\java\com\example\thermostat\config\ConfigLoader.java
[2026-07-15 20:42:52] [javac-extractor-11116] Processing file C:\Users\chris\eclipse-workspace\smart-thermostat-matter\src\main\java\com\example\thermostat\firmware\FirmwareUpdateService.java
[2026-07-15 20:42:52] [javac-extractor-11116] Processing file C:\Users\chris\eclipse-workspace\smart-thermostat-matter\src\main\java\com\example\thermostat\matter\CommissioningCredentialVerifier.java
[2026-07-15 20:42:52] [javac-extractor-11116] Processing file C:\Users\chris\eclipse-workspace\smart-thermostat-matter\src\main\java\com\example\thermostat\matter\ProvisionedSecretStore.java
[2026-07-15 20:42:52] [javac-extractor-11116] Processing file C:\Users\chris\eclipse-workspace\smart-thermostat-matter\src\main\java\com\example\thermostat\matter\Credentials.java
[2026-07-15 20:42:52] [javac-extractor-11116] Processing file C:\Users\chris\eclipse-workspace\smart-thermostat-matter\src\main\java\com\example\thermostat\matter\MatterCommissioning.java
[2026-07-15 20:42:52] [javac-extractor-11116] Processing file C:\Users\chris\eclipse-workspace\smart-thermostat-matter\src\main\java\com\example\thermostat\persistence\DatabaseConfig.java
[2026-07-15 20:42:52] [javac-extractor-11116] Processing file C:\Users\chris\eclipse-workspace\smart-thermostat-matter\src\main\java\com\example\thermostat\persistence\TemperatureHistoryRepository.java
[2026-07-15 20:42:53] [javac-extractor-11116] Processing module java.sql
[2026-07-15 20:42:53] [javac-extractor-11116] Processing module java.xml
[2026-07-15 20:42:53] [javac-extractor-11116] Processing module java.logging
[2026-07-15 20:42:53] [javac-extractor-11116] Processing file C:\Users\chris\eclipse-workspace\smart-thermostat-matter\src\main\java\com\example\thermostat\remote\CommandExecutor.java
[2026-07-15 20:42:53] [javac-extractor-11116] Processing file C:\Users\chris\eclipse-workspace\smart-thermostat-matter\src\main\java\com\example\thermostat\remote\RemoteAccessService.java
[2026-07-15 20:42:53] [javac-extractor-11116] Processing file C:\Users\chris\eclipse-workspace\smart-thermostat-matter\src\main\java\com\example\thermostat\thread\ThreadNetworkManager.java
[2026-07-15 20:42:53] [javac-extractor-11116] Processing file C:\Users\chris\eclipse-workspace\smart-thermostat-matter\src\main\java\com\example\thermostat\util\CryptoUtil.java
[2026-07-15 20:42:53] [javac-extractor-11116] Javac init time: 1,1s
[2026-07-15 20:42:53] [javac-extractor-11116] Javac attr time: 0,1s
[2026-07-15 20:42:53] [javac-extractor-11116] Extractor time: 9,1s
[2026-07-15 20:42:53] [javac-extractor-11116] Other time: 0,2s
[2026-07-15 20:42:53] [javac-extractor-11116] Total time: 10,5s
